<?xml version="1.0" encoding="UTF-8"?>
<!--

    Copyright (c) 1997, 2018 Oracle and/or its affiliates. All rights reserved.

    This program and the accompanying materials are made available under the
    terms of the Eclipse Distribution License v. 1.0, which is available at
    http://www.eclipse.org/org/documents/edl-v10.php.

    SPDX-License-Identifier: BSD-3-Clause

-->

<wsp:Policy 
    xmlns:wsdl="http://schemas.xmlsoap.org/wsdl/"
    xmlns:wsp="http://schemas.xmlsoap.org/ws/2004/09/policy"
    xmlns:policy="http://java.sun.com/xml/ns/wsit/policy" 
    xmlns:foo="http://schemas.foo.com/">
    
    <foo:TopLevelAssertion_2>
        <wsp:Policy>
            <wsp:ExactlyOne>
                <wsp:All>
                    <foo:NestedPolicyChoice1Assertion_2 />
                </wsp:All>
                
                <wsp:All>
                    <foo:NestedPolicyChoice2Assertion_1>
                        <wsp:Policy>
                            <foo:NestedPolicyChoice2Assertion_11 />
                        </wsp:Policy>
                    </foo:NestedPolicyChoice2Assertion_1>
                    <wsdl:import wsdl:namespace="1234">
                        <wsdl:documentation>
                            Documentation.
                        </wsdl:documentation>
                    </wsdl:import>                        
                </wsp:All>
            </wsp:ExactlyOne>
        </wsp:Policy>        
    </foo:TopLevelAssertion_2>        
</wsp:Policy>
